正在使用 'Processes' 配置文件启动并行池(parpool)...
已连接到具有 8 个工作进程的并行池。
Running n20-long seed=39 (122 simulations on 8 workers) ...
Completed seed=39: baseline GO=0.676 LO=0.805 pair=0.145.
Running n20-long seed=40 (122 simulations on 8 workers) ...
Completed seed=40: baseline GO=0.363 LO=0.518 pair=0.231.
Running n20-long seed=41 (122 simulations on 8 workers) ...
Completed seed=41: baseline GO=0.844 LO=0.919 pair=0.060.
Running n20-long seed=42 (122 simulations on 8 workers) ...
Completed seed=42: baseline GO=0.951 LO=0.974 pair=0.067.
Running n20-long seed=43 (122 simulations on 8 workers) ...
Completed seed=43: baseline GO=0.543 LO=0.747 pair=0.174.
Running n20-long seed=44 (122 simulations on 8 workers) ...
Completed seed=44: baseline GO=0.583 LO=0.685 pair=0.213.
Running n20-long seed=45 (122 simulations on 8 workers) ...
Completed seed=45: baseline GO=0.605 LO=0.746 pair=0.132.
Running n20-long seed=46 (122 simulations on 8 workers) ...
Completed seed=46: baseline GO=0.960 LO=0.976 pair=0.113.
Running n20-long seed=47 (122 simulations on 8 workers) ...
Completed seed=47: baseline GO=0.324 LO=0.478 pair=0.237.
Running n20-long seed=48 (122 simulations on 8 workers) ...
Completed seed=48: baseline GO=0.831 LO=0.899 pair=0.112.
Running n20-long seed=49 (122 simulations on 8 workers) ...
Completed seed=49: baseline GO=0.980 LO=0.985 pair=0.057.
Running n20-long seed=50 (122 simulations on 8 workers) ...
Completed seed=50: baseline GO=0.598 LO=0.780 pair=0.195.
Running n20-long seed=51 (122 simulations on 8 workers) ...
Completed seed=51: baseline GO=0.332 LO=0.511 pair=0.209.
Running n20-long seed=52 (122 simulations on 8 workers) ...
Completed seed=52: baseline GO=0.493 LO=0.765 pair=0.179.
Running n20-long seed=53 (122 simulations on 8 workers) ...
Completed seed=53: baseline GO=0.506 LO=0.712 pair=0.224.
Running n20-long seed=54 (122 simulations on 8 workers) ...
Completed seed=54: baseline GO=0.301 LO=0.766 pair=0.187.
Running n20-long seed=55 (122 simulations on 8 workers) ...
Completed seed=55: baseline GO=0.674 LO=0.824 pair=0.148.
Running n20-long seed=56 (122 simulations on 8 workers) ...
Completed seed=56: baseline GO=0.757 LO=0.809 pair=0.174.
Running n20-long seed=57 (122 simulations on 8 workers) ...
Completed seed=57: baseline GO=0.900 LO=0.955 pair=0.131.
Running n20-long seed=58 (122 simulations on 8 workers) ...
Completed seed=58: baseline GO=0.584 LO=0.793 pair=0.179.
Running n20-long seed=59 (122 simulations on 8 workers) ...
Completed seed=59: baseline GO=0.895 LO=0.933 pair=0.112.
Running n20-long seed=60 (122 simulations on 8 workers) ...
Completed seed=60: baseline GO=0.694 LO=0.834 pair=0.098.
Running n20-long seed=61 (122 simulations on 8 workers) ...
Completed seed=61: baseline GO=0.409 LO=0.661 pair=0.153.
Running n20-long seed=62 (122 simulations on 8 workers) ...
Completed seed=62: baseline GO=0.302 LO=0.530 pair=0.248.
Running n20-long seed=63 (122 simulations on 8 workers) ...
Completed seed=63: baseline GO=0.671 LO=0.788 pair=0.116.
Running n20-long seed=64 (122 simulations on 8 workers) ...
Completed seed=64: baseline GO=0.353 LO=0.703 pair=0.182.
Running n20-long seed=65 (122 simulations on 8 workers) ...
Completed seed=65: baseline GO=0.511 LO=0.751 pair=0.163.
Running n20-long seed=66 (122 simulations on 8 workers) ...
Completed seed=66: baseline GO=0.958 LO=0.983 pair=0.140.
Running n20-long seed=67 (122 simulations on 8 workers) ...
Completed seed=67: baseline GO=0.405 LO=0.554 pair=0.210.
Running n20-long seed=68 (122 simulations on 8 workers) ...
Completed seed=68: baseline GO=0.854 LO=0.874 pair=0.165.
Running n20-long seed=69 (122 simulations on 8 workers) ...
Completed seed=69: baseline GO=0.678 LO=0.773 pair=0.177.
Running n20-long seed=70 (122 simulations on 8 workers) ...
Completed seed=70: baseline GO=0.732 LO=0.814 pair=0.230.
Running n20-long seed=71 (122 simulations on 8 workers) ...
Completed seed=71: baseline GO=0.853 LO=0.889 pair=0.154.
Running n20-long seed=72 (122 simulations on 8 workers) ...
Completed seed=72: baseline GO=0.698 LO=0.817 pair=0.217.
Running n20-long seed=73 (122 simulations on 8 workers) ...
Completed seed=73: baseline GO=0.819 LO=0.932 pair=0.083.
Running n20-long seed=74 (122 simulations on 8 workers) ...
Completed seed=74: baseline GO=0.570 LO=0.741 pair=0.186.
Running n20-long seed=75 (122 simulations on 8 workers) ...
Completed seed=75: baseline GO=0.660 LO=0.825 pair=0.140.
Running n20-long seed=76 (122 simulations on 8 workers) ...
Completed seed=76: baseline GO=0.592 LO=0.721 pair=0.177.
Running n20-long seed=77 (122 simulations on 8 workers) ...
Completed seed=77: baseline GO=0.551 LO=0.787 pair=0.149.
Running n20-long seed=78 (122 simulations on 8 workers) ...
Completed seed=78: baseline GO=0.665 LO=0.804 pair=0.117.
Running n20-long seed=79 (122 simulations on 8 workers) ...
Completed seed=79: baseline GO=0.472 LO=0.709 pair=0.190.
Running n20-long seed=80 (122 simulations on 8 workers) ...
Completed seed=80: baseline GO=0.951 LO=0.964 pair=0.065.
Running n20-long seed=81 (122 simulations on 8 workers) ...
Completed seed=81: baseline GO=0.670 LO=0.781 pair=0.171.
Running n20-long seed=82 (122 simulations on 8 workers) ...
Completed seed=82: baseline GO=0.812 LO=0.854 pair=0.087.
Running n20-long seed=83 (122 simulations on 8 workers) ...
Completed seed=83: baseline GO=0.579 LO=0.712 pair=0.200.
Running n20-long seed=84 (122 simulations on 8 workers) ...
Completed seed=84: baseline GO=0.942 LO=0.963 pair=0.191.
Running n20-long seed=85 (122 simulations on 8 workers) ...
Completed seed=85: baseline GO=0.569 LO=0.713 pair=0.174.
Running n20-long seed=86 (122 simulations on 8 workers) ...
Completed seed=86: baseline GO=0.682 LO=0.809 pair=0.137.
Running n20-long seed=87 (122 simulations on 8 workers) ...
Completed seed=87: baseline GO=0.456 LO=0.729 pair=0.190.
Running n20-long seed=88 (122 simulations on 8 workers) ...
Completed seed=88: baseline GO=0.348 LO=0.707 pair=0.193.
Running n20-long seed=89 (122 simulations on 8 workers) ...
Completed seed=89: baseline GO=0.427 LO=0.564 pair=0.274.
Running n20-long seed=90 (122 simulations on 8 workers) ...
Completed seed=90: baseline GO=0.849 LO=0.867 pair=0.069.
Running n20-long seed=91 (122 simulations on 8 workers) ...
Completed seed=91: baseline GO=0.744 LO=0.839 pair=0.120.
Running n20-long seed=92 (122 simulations on 8 workers) ...
Completed seed=92: baseline GO=0.521 LO=0.662 pair=0.225.
Running n20-long seed=93 (122 simulations on 8 workers) ...
Completed seed=93: baseline GO=0.244 LO=0.498 pair=0.255.
Running n20-long seed=94 (122 simulations on 8 workers) ...
Completed seed=94: baseline GO=0.429 LO=0.627 pair=0.207.
Running n20-long seed=95 (122 simulations on 8 workers) ...
Completed seed=95: baseline GO=0.530 LO=0.709 pair=0.210.
Running n20-long seed=96 (122 simulations on 8 workers) ...
Completed seed=96: baseline GO=0.862 LO=0.914 pair=0.119.
Running n20-long seed=97 (122 simulations on 8 workers) ...
Completed seed=97: baseline GO=0.679 LO=0.762 pair=0.181.
Running n20-long seed=98 (122 simulations on 8 workers) ...
Completed seed=98: baseline GO=0.956 LO=0.977 pair=0.096.
Running n20-long seed=99 (122 simulations on 8 workers) ...
Completed seed=99: baseline GO=0.943 LO=0.975 pair=0.114.
Running n20-long seed=100 (122 simulations on 8 workers) ...
Completed seed=100: baseline GO=0.623 LO=0.772 pair=0.230.
使用 'Processes' 配置文件的并行池正在关闭。
